// Jest Snapshot v1, https://goo.gl/fbAQLP

exports[`Homepage after data has loaded should match snapshot 1`] = `
<div>
  <HeaderContainer
    image="https://gateway-cms.netlify.com/undefined"
  />
  <Menu
    iconUrl="https://gateway-cms.netlify.com/uploads/gateway_logo_pink.png"
    menuColour="red"
  />
  <ul
    className="call-to-actions"
  />
  <ul
    className="quotes"
  />
  <Description />
  <FooterContainer />
</div>
`;

exports[`Homepage before data has loaded should match snapshot 1`] = `<Loading />`;
